// Jest Snapshot v1, https://goo.gl/fbAQLP

exports[`Footer should match snapshot 1`] = `
<footer>
  <p
    aria-label="current year"
  >
    2023
  </p>
</footer>
`;
